Toto je česky text. Toto v~10.5~°C v~\textbf{Tučný text} a
\emph{kurzíva}.

\[\int_{-\infty}^{\infty} e^{-x^2} \mathrm{d}x = \sqrt{\pi}\]

Za 30~Kč si můžete v~\textbf{Praze} koupit \emph{chleba}.
